error: The `hdk_to_coordinates` macro can only be used on enums.

         = help: Make this an enum.

 --> tests/macros/hdk_to_coordinates_not_enum.rs:5:1
  |
5 | struct Foo;
  | ^^^^^^^^^^^
